{
    {0,+0,0x0,0x0,n+1},
    {1,-1,n+0,n+3,n+4},
    {2,+0,0x0,0x0,n+3},
    {3,+1,n+2,0x0,n+1},
    {4,+2,n+1,n+5,n+6},
    {5,+0,0x0,0x0,n+4},
    {6,+4,n+4,0x0,0x0},
}
{
    {0,+0,0x0,0x0,n+1},
    {1,+0,n+0,n+2,n+3},
    {2,+0,0x0,0x0,n+1},
    {3,+2,n+1,0x0,n+4},
    {4,+2,n+3,n+5,n+6},
    {5,+0,0x0,0x0,n+4},
    {6,+4,n+4,0x0,0x0},
}
{
    {0,+0,0x0,0x0,n+1},
    {1,+0,n+0,n+2,n+3},
    {2,+0,0x0,0x0,n+1},
    {3,+0,n+1,n+4,n+6},
    {4,-1,0x0,n+5,n+3},
    {5,+0,0x0,0x0,n+4},
    {6,+3,n+3,0x0,0x0},
}
