{
    {5,+4,n+1,0x0,0x0},
    {4,+3,n+3,0x0,n+0},
    {3,+1,n+4,0x0,n+3},
    {2,-2,0x0,n+2,n+1},
    {1,+0,0x0,0x0,n+2},
}
{
    {5,+4,n+1,0x0,0x0},
    {4,+3,n+2,0x0,n+0},
    {3,+2,n+3,0x0,n+1},
    {2,-1,0x0,n+4,n+2},
    {1,+0,0x0,0x0,n+3},
}
{
    {5,+4,n+2,0x0,0x0},
    {4,+0,0x0,0x0,n+2},
    {3,+1,n+3,n+1,n+0},
    {2,-1,0x0,n+4,n+2},
    {1,+0,0x0,0x0,n+3},
}
